// Jest Snapshot v1, https://goo.gl/fbAQLP

exports[`hello template file expect helloTemplate fn output to match snapshot 1`] = `
"<h2>Hello, World!</h2>
<p>This is something new that we want</p>
"
`;
